// Jest Snapshot v1, https://goo.gl/fbAQLP

exports[`Search Component Matches the snapshot 1`] = `
<div
  class="container container-wide p-1"
>
   
  <div
    class="card p-3 mb-4"
  >
    <!---->
    <!---->
    <h1>
      Aquifer Search
    </h1>
     
    <div
      class="pb-2"
    >
      <!---->
    </div>
     
    <!---->
     
    <form
      class=""
    >
      <div
        class="form-row"
      >
        <div
          class="col-md-4 col-12"
        >
          <fieldset
            class="form-group"
          >
            <legend
              class="col-form-label pt-0"
              tabindex="-1"
            >
              Aquifer number
            </legend>
            <div
              role="group"
              tabindex="-1"
            >
              <input
                class="form-control"
                id="aquifers-number"
                type="text"
              />
              <!---->
              <!---->
              <!---->
            </div>
          </fieldset>
           
          <fieldset
            class="form-group"
          >
            <legend
              class="col-form-label pt-0"
              tabindex="-1"
            >
              Aquifer name
            </legend>
            <div
              role="group"
              tabindex="-1"
            >
              <input
                class="form-control"
                id="aquifers-name"
                type="text"
              />
              <!---->
              <!---->
              <!---->
            </div>
          </fieldset>
        </div>
      </div>
       
      <div
        class="form-row"
      >
        <div
          class="col"
        >
          <fieldset
            class="form-group"
          >
            <!---->
            <div
              role="group"
              tabindex="-1"
            >
              <button
                class="btn btn-primary"
                id="aquifers-search"
                type="submit"
              >
                Search
              </button>
               
              <button
                class="btn btn-default"
                type="reset"
              >
                Reset
              </button>
              <!---->
              <!---->
              <!---->
            </div>
          </fieldset>
        </div>
      </div>
    </form>
     
    <table
      aria-busy="false"
      aria-colcount="11"
      class="table b-table mt-3 table-striped"
      id="aquifers-results"
    >
      <!---->
      <!---->
      <thead
        class=""
      >
        <!---->
        <tr>
          <th
            aria-colindex="1"
            aria-label="Click to sort Descending"
            aria-sort="ascending"
            class=""
            scope="col"
            tabindex="0"
          >
            Aquifer number
          </th>
          <th
            aria-colindex="2"
            aria-label="Click to sort Descending"
            aria-sort="none"
            class=""
            scope="col"
            tabindex="0"
          >
            Aquifer name
          </th>
          <th
            aria-colindex="3"
            aria-label="Click to sort Descending"
            aria-sort="none"
            class=""
            scope="col"
            tabindex="0"
          >
            Descriptive location
          </th>
          <th
            aria-colindex="4"
            aria-label="Click to sort Descending"
            aria-sort="none"
            class=""
            scope="col"
            tabindex="0"
          >
            Material
          </th>
          <th
            aria-colindex="5"
            aria-label="Click to sort Descending"
            aria-sort="none"
            class=""
            scope="col"
            tabindex="0"
          >
            Litho stratigraphic unit
          </th>
          <th
            aria-colindex="6"
            aria-label="Click to sort Descending"
            aria-sort="none"
            class=""
            scope="col"
            tabindex="0"
          >
            Subtype
          </th>
          <th
            aria-colindex="7"
            aria-label="Click to sort Descending"
            aria-sort="none"
            class=""
            scope="col"
            tabindex="0"
          >
            Vulnerability
          </th>
          <th
            aria-colindex="8"
            aria-label="Click to sort Descending"
            aria-sort="none"
            class=""
            scope="col"
            tabindex="0"
          >
            Size-kmÂ²
          </th>
          <th
            aria-colindex="9"
            aria-label="Click to sort Descending"
            aria-sort="none"
            class=""
            scope="col"
            tabindex="0"
          >
            Productivity
          </th>
          <th
            aria-colindex="10"
            aria-label="Click to sort Descending"
            aria-sort="none"
            class=""
            scope="col"
            tabindex="0"
          >
            Demand
          </th>
          <th
            aria-colindex="11"
            aria-label="Click to sort Descending"
            aria-sort="none"
            class=""
            scope="col"
            tabindex="0"
          >
            Year of mapping
          </th>
        </tr>
      </thead>
      <!---->
      <tbody
        class=""
      >
        <!---->
        <tr
          class=""
        >
          <td
            aria-colindex="1"
            class=""
          >
            <router-link-stub
              to="[object Object]"
            />
          </td>
          <td
            aria-colindex="2"
            class=""
          >
            Aggasiz
          </td>
          <td
            aria-colindex="3"
            class=""
          >
            Aggasiz/Sea Bird Island
          </td>
          <td
            aria-colindex="4"
            class=""
          >
            
        Sand and Gravel
      
          </td>
          <td
            aria-colindex="5"
            class=""
          >
            Fraser River Sediments
          </td>
          <td
            aria-colindex="6"
            class=""
          >
            
        Unconfined sand and gravel - large river system
      
          </td>
          <td
            aria-colindex="7"
            class=""
          >
            
        High
      
          </td>
          <td
            aria-colindex="8"
            class=""
          >
            63.3
          </td>
          <td
            aria-colindex="9"
            class=""
          >
            
        High
      
          </td>
          <td
            aria-colindex="10"
            class=""
          >
            
        
      
          </td>
          <td
            aria-colindex="11"
            class=""
          >
            1993
          </td>
        </tr>
        <!---->
        <!---->
      </tbody>
    </table>
     
    <div
      class="container"
    >
      <div
        class="row"
      >
        <div
          class="col"
        >
          
          Showing 1 to 0 of 
        
        </div>
         
        <!---->
      </div>
    </div>
    <!---->
    <!---->
  </div>
</div>
`;
