// Jest Snapshot v1, https://goo.gl/fbAQLP

exports[`Search Component Matches the snapshot 1`] = `
<div
  class="container p-1"
>
   
  <div
    class="card main-search-card mb-4"
  >
    <!---->
    <!---->
    <!---->
     
    <form
      class=""
    >
      <div
        class="form-row"
      >
        <div
          class="p-4 col-md-12 col-lg-12 col-xl-4 col-12"
        >
          <h1
            class="main-title ml-4 mt-2"
          >
            Aquifer Search
            
            <!---->
          </h1>
           
          <div
            class="form-row"
          >
            <div
              class="pt-3 pl-4 pr-4 aquifer-search-column mt-3 col-md-12 col-12"
            >
              <h5
                class="search-title"
              >
                Search by aquifer name or number (leave blank to see all aquifers)
              </h5>
               
              <fieldset
                class="form-group search-title mt-3 mb-3"
              >
                <!---->
                <div
                  role="group"
                  tabindex="-1"
                >
                  <input
                    class="w-75 form-control"
                    id="aquifers-search-field"
                    type="text"
                  />
                  <!---->
                  <!---->
                  <!---->
                </div>
              </fieldset>
               
              <div
                class="aquifer-checkbox-group"
                role="group"
                tabindex="-1"
              />
               
              <div
                class="form-row"
              >
                <fieldset
                  class="form-group aquifer-search-actions"
                >
                  <!---->
                  <div
                    role="group"
                    tabindex="-1"
                  >
                    <button
                      class="btn aquifer-buttons btn-primary"
                      id="aquifers-search"
                      type="submit"
                    >
                      Search
                      
                      <!---->
                    </button>
                     
                    <button
                      class="btn aquifer-buttons btn-default"
                      type="reset"
                    >
                      Reset
                    </button>
                    <!---->
                    <!---->
                    <!---->
                  </div>
                </fieldset>
              </div>
               
              <h6
                class="mt-3"
              >
                Download all aquifers
              </h6>
               
              <ul
                class="aquifer-download-list"
              >
                <li>
                  - 
                  <a
                    href="#"
                  >
                    Aquifer extract (XLSX)
                  </a>
                </li>
                 
                <li>
                  - 
                  <a
                    href="#"
                  >
                    Aquifer extract (CSV)
                  </a>
                </li>
              </ul>
            </div>
          </div>
        </div>
         
        <div
          class="map-column col-md-12 col-lg-12 col-xl-8 col-12"
        >
          <div
            class="map"
            id="map"
          />
        </div>
      </div>
    </form>
     
    <div
      class="row"
    >
      <div
        class="p-5 col-12"
      >
        <div
          class="p-0 container-fluid"
        >
          <div
            class="row"
          >
            <div
              class="mb-3 col-12"
            >
              
              Showing 1 to 0 of 
            
            </div>
          </div>
        </div>
         
        <div
          class="table-responsive"
        >
          <table
            aria-busy="false"
            aria-colcount="11"
            class="table b-table table-striped border"
            id="aquifers-results"
          >
            <!---->
            <!---->
            <thead
              class=""
              role="rowgroup"
            >
              <!---->
              <tr
                role="row"
              >
                <th
                  aria-colindex="1"
                  aria-label="Click to sort Descending"
                  aria-sort="ascending"
                  class=""
                  role="columnheader"
                  scope="col"
                  tabindex="0"
                >
                  Aquifer number
                </th>
                <th
                  aria-colindex="2"
                  aria-label="Click to sort Ascending"
                  aria-sort="none"
                  class=""
                  role="columnheader"
                  scope="col"
                  tabindex="0"
                >
                  Aquifer name
                </th>
                <th
                  aria-colindex="3"
                  aria-label="Click to sort Ascending"
                  aria-sort="none"
                  class=""
                  role="columnheader"
                  scope="col"
                  tabindex="0"
                >
                  Descriptive location
                </th>
                <th
                  aria-colindex="4"
                  aria-label="Click to sort Ascending"
                  aria-sort="none"
                  class=""
                  role="columnheader"
                  scope="col"
                  tabindex="0"
                >
                  Material
                </th>
                <th
                  aria-colindex="5"
                  aria-label="Click to sort Ascending"
                  aria-sort="none"
                  class=""
                  role="columnheader"
                  scope="col"
                  tabindex="0"
                >
                  Litho stratigraphic unit
                </th>
                <th
                  aria-colindex="6"
                  aria-label="Click to sort Ascending"
                  aria-sort="none"
                  class=""
                  role="columnheader"
                  scope="col"
                  tabindex="0"
                >
                  Subtype
                </th>
                <th
                  aria-colindex="7"
                  aria-label="Click to sort Ascending"
                  aria-sort="none"
                  class=""
                  role="columnheader"
                  scope="col"
                  tabindex="0"
                >
                  Vulnerability
                </th>
                <th
                  aria-colindex="8"
                  aria-label="Click to sort Ascending"
                  aria-sort="none"
                  class=""
                  role="columnheader"
                  scope="col"
                  tabindex="0"
                >
                  Size-kmÂ²
                </th>
                <th
                  aria-colindex="9"
                  aria-label="Click to sort Ascending"
                  aria-sort="none"
                  class=""
                  role="columnheader"
                  scope="col"
                  tabindex="0"
                >
                  Productivity
                </th>
                <th
                  aria-colindex="10"
                  aria-label="Click to sort Ascending"
                  aria-sort="none"
                  class=""
                  role="columnheader"
                  scope="col"
                  tabindex="0"
                >
                  Demand
                </th>
                <th
                  aria-colindex="11"
                  aria-label="Click to sort Ascending"
                  aria-sort="none"
                  class=""
                  role="columnheader"
                  scope="col"
                  tabindex="0"
                >
                  Year of mapping
                </th>
              </tr>
            </thead>
            <!---->
            <tbody
              class=""
              role="rowgroup"
            >
              <!---->
              <tr
                aria-rowindex="1"
                class=""
                role="row"
                tabindex="0"
              >
                <td
                  aria-colindex="1"
                  class=""
                  role="cell"
                >
                  <p
                    class="aquifer-id"
                  >
                    
                  </p>
                </td>
                <td
                  aria-colindex="2"
                  class=""
                  role="cell"
                >
                  
            
          
                </td>
                <td
                  aria-colindex="3"
                  class=""
                  role="cell"
                />
                <td
                  aria-colindex="4"
                  class=""
                  role="cell"
                />
                <td
                  aria-colindex="5"
                  class=""
                  role="cell"
                />
                <td
                  aria-colindex="6"
                  class=""
                  role="cell"
                />
                <td
                  aria-colindex="7"
                  class=""
                  role="cell"
                />
                <td
                  aria-colindex="8"
                  class=""
                  role="cell"
                >
                  63.3
                </td>
                <td
                  aria-colindex="9"
                  class=""
                  role="cell"
                />
                <td
                  aria-colindex="10"
                  class=""
                  role="cell"
                >
                  Low
                </td>
                <td
                  aria-colindex="11"
                  class=""
                  role="cell"
                >
                  1993
                </td>
              </tr>
              <!---->
              <!---->
            </tbody>
          </table>
        </div>
         
        <!---->
      </div>
    </div>
     
    <!---->
    <!---->
    <!---->
  </div>
</div>
`;
